WARNING : Using CLI version 2.51.0 but project's `requirements.txt`
WARNING : is configured to use 2.39.0. Consider either installing
WARNING : CLI version 2.39.0 or running `pretext update-project`
WARNING : to update `requirements.txt` and other managed files to match 2.51.0.
INFO    : Staging deployment according to strategy pelican_default
INFO    : Staging `course` at `/home/cservant/Dropbox/SVSU/Semester Materials/MATH-132B-02-F26/output/stage/course`.
INFO    : Staging generated site at `/home/cservant/Dropbox/SVSU/Semester Materials/MATH-132B-02-F26/output/stage`.
INFO    : XSL conversion of /home/cservant/Dropbox/SVSU/Semester Materials/MATH-132B-02-F26/source/main.ptx by /home/cservant/.ptx/2.51.0/core/xsl/utilities/pretext-enhanced-source.xsl
INFO    : messages from the log for XSL processing (prefaced with a *):
WARNING : * PTX:DEPRECATE: (2026-07-30) the external directory is a property of your source, and is now declared with a "directories/@external" attribute within "docinfo".  The publication file entry "source/directories/@external" is honored meanwhile, but please relocate it.
INFO    : successful application of /home/cservant/.ptx/2.51.0/core/xsl/utilities/pretext-enhanced-source.xsl
INFO    : Deployment is now staged at `/home/cservant/Dropbox/SVSU/Semester Materials/MATH-132B-02-F26/output/stage`.
INFO    : Preparing to deploy from active `main` git branch.

INFO    : Changes to project source since last commit detected.
WARNING : Don't forget to either add and commit the changes to your source with git, or run `pretext deploy -u` to have these changes updated automatically.
WARNING : Just deploying your built project will not save changes to your source on GitHub.`
INFO    : Committing your latest build to the `gh-pages` branch.
INFO    : 
INFO    : Attempting to connect to remote repository at `https://github.com/cservant03/MATH-132B-02-F26.git`...
INFO    : Latest build successfully pushed to GitHub!

INFO    : To enable GitHub Pages, visit
INFO    :     https://github.com/cservant03/MATH-132B-02-F26/settings/pages
INFO    : selecting the `gh-pages` branch with the `/ (root)` folder.

INFO    : Visit
INFO    :     https://github.com/cservant03/MATH-132B-02-F26/actions/
INFO    : to check on the status of your GitHub Pages deployment.

INFO    : Your built project will soon be available to the public at:
INFO    :     https://cservant03.github.io/MATH-132B-02-F26/
