WARNING : Using CLI version 2.51.0 but project's `requirements.txt`
WARNING : is configured to use 2.39.0. Consider either installing
WARNING : CLI version 2.39.0 or running `pretext update-project`
WARNING : to update `requirements.txt` and other managed files to match 2.51.0.
INFO    : Since no target was supplied, we will use "course".

INFO    : Building target course
INFO    : XSL conversion of /home/cservant/Dropbox/SVSU/Semester Materials/MATH-132B-02-F26/source/main.ptx by /home/cservant/.ptx/2.51.0/core/xsl/utilities/pretext-enhanced-source.xsl
INFO    : messages from the log for XSL processing (prefaced with a *):
WARNING : * PTX:DEPRECATE: (2026-07-30) the external directory is a property of your source, and is now declared with a "directories/@external" attribute within "docinfo".  The publication file entry "source/directories/@external" is honored meanwhile, but please relocate it.
INFO    : successful application of /home/cservant/.ptx/2.51.0/core/xsl/utilities/pretext-enhanced-source.xsl
INFO    : discovering source file's directory name: /home/cservant/Dropbox/SVSU/Semester Materials/MATH-132B-02-F26/source
WARNING : (2026-07-30) the external directory is a property of your source, and is now declared with a "directories/@external" attribute within "docinfo". The publisher file entry "source/directories/@external" is honored meanwhile, but please relocate it.
INFO    : verifying and expanding input directory: /home/cservant/Dropbox/SVSU/Semester Materials/MATH-132B-02-F26/source/../assets
INFO    : input directory expanded to absolute path: /home/cservant/Dropbox/SVSU/Semester Materials/MATH-132B-02-F26/assets
INFO    : Generating any needed assets.
INFO    : Finished generating assets.

INFO    : Preparing to build into /home/cservant/Dropbox/SVSU/Semester Materials/MATH-132B-02-F26/output/course.
INFO    : XSL conversion of /home/cservant/Dropbox/SVSU/Semester Materials/MATH-132B-02-F26/source/main.ptx by /home/cservant/.ptx/2.51.0/core/xsl/utilities/report-publisher-variables.xsl
INFO    : successful application of /home/cservant/.ptx/2.51.0/core/xsl/utilities/report-publisher-variables.xsl
INFO    : Downloading rs services file from https://runestone.academy/cdn/runestone/latest/webpack_static_imports.xml.
INFO    : Runestone Services via online CDN query: version 8.2.10
INFO    : Downloading Runestone Services, version 8.2.10
INFO    : Extracting Runestone Services from archive file
INFO    : Building custom css theme: theme-salem
INFO    : converting /home/cservant/Dropbox/SVSU/Semester Materials/MATH-132B-02-F26/source/main.ptx to HTML in /tmp/ptx-s_0rn_di
INFO    : XSL conversion of /home/cservant/Dropbox/SVSU/Semester Materials/MATH-132B-02-F26/source/main.ptx by /home/cservant/.ptx/2.51.0/core/xsl/pretext-html.xsl
ERROR   : * PTX:ERROR:      The @xml:id "bar.plot.in.R" is invalid.  Use only the 26 Latin letters (7-bit ASCII, no accents), numbers, hyphens and underscores.
ERROR   : * PTX:ERROR:      The @xml:id "two.var.bar.plot.in.R" is invalid.  Use only the 26 Latin letters (7-bit ASCII, no accents), numbers, hyphens and underscores.
WARNING : * PTX:WARNING: In a subsection containing subsubsections, any content that is not inside a subsubsection needs to be inside an <introduction> and/or  <conclusion>.
INFO    : *              located at: pretext/book/chapter/section/subsection
INFO    : *              located within: "subsec-large-categorical-dataset" (xml:id), "Working with a Larger Biological Dataset" (title)
INFO    : * PTX:INFO:   checking all deprecated elements.
WARNING : * PTX:DEPRECATE: (2024-11-19) program/input now should be program/code. An automatic correction will be attempted. (6 times)
INFO    : *              located at: pretext/book/chapter/section/subsection/example/program/input
INFO    : *              located within: "pollinators-dist" (xml:id)
INFO    : *              located within: "ex-germination-proportion-table-r" (xml:id), "Creating a Proportion Table in R" (title)
INFO    : *              located at: pretext/book/chapter/section/subsection/program/input
INFO    : *              located within: "ex-penguin-one-variable-frequency" (xml:id), "A One-Variable Distribution for a Large Dataset" (title)
INFO    : *              located within: "ex-penguin-two-variable-frequency" (xml:id), "A Two-Variable Distribution for a Large Dataset" (title)
INFO    : *              located at: pretext/book/chapter/section/subsection/subsubsection/program/input
INFO    : *              located within: "subsubsec-large-data-bar-graphs-r" (xml:id), "Creating Bar Graphs for the Large Dataset in R" (title)
INFO    : * --------------
INFO    : successful application of /home/cservant/.ptx/2.51.0/core/xsl/pretext-html.xsl
INFO    : Removing temporary directory /tmp/ptx-s_0rn_di
INFO    : Removing temporary directory /tmp/ptx-12shhmc_
INFO    : 
Finished build for target course. Run `pretext view course` to see the results.

FATAL   : There were errors during the build.  See above.
INFO    : ------------------------
exit    : Failed to build without errors.  Exiting...
INFO    : 
----------------------------------------------------
INFO    : While running pretext, the following errors occurred:

INFO    : (see log messages above or in the 'logs' folder for more information)
INFO    : ----------------------------------------------------
