WARNING : Using CLI version 2.52.3 but project's `requirements.txt`
WARNING : is configured to use 2.39.0. Consider either installing
WARNING : CLI version 2.39.0 or running `pretext update-project`
WARNING : to update `requirements.txt` and other managed files to match 2.52.3.
INFO    : Since no target was supplied, we will use "course".

INFO    : Building target course
INFO    : XSL conversion of /home/cservant/Dropbox/SVSU/Semester Materials/MATH-132B-02-F26/source/main.ptx by /home/cservant/.ptx/2.52.3/core/xsl/utilities/pretext-enhanced-source.xsl
INFO    : messages from the log for XSL processing (prefaced with a *):
WARNING : * PTX:DEPRECATE: (2026-07-30) the external directory is a property of your source, and is now declared with a "directories/@external" attribute within "docinfo".  The publication file entry "source/directories/@external" is honored meanwhile, but please relocate it.
INFO    : successful application of /home/cservant/.ptx/2.52.3/core/xsl/utilities/pretext-enhanced-source.xsl
INFO    : discovering source file's directory name: /home/cservant/Dropbox/SVSU/Semester Materials/MATH-132B-02-F26/source
WARNING : (2026-07-30) the external directory is a property of your source, and is now declared with a "directories/@external" attribute within "docinfo". The publisher file entry "source/directories/@external" is honored meanwhile, but please relocate it.
INFO    : verifying and expanding input directory: /home/cservant/Dropbox/SVSU/Semester Materials/MATH-132B-02-F26/source/../assets
INFO    : input directory expanded to absolute path: /home/cservant/Dropbox/SVSU/Semester Materials/MATH-132B-02-F26/assets
INFO    : Generating any needed assets.
INFO    : Finished generating assets.

INFO    : Preparing to build into /home/cservant/Dropbox/SVSU/Semester Materials/MATH-132B-02-F26/output/course.
INFO    : XSL conversion of /home/cservant/Dropbox/SVSU/Semester Materials/MATH-132B-02-F26/source/main.ptx by /home/cservant/.ptx/2.52.3/core/xsl/utilities/report-publisher-variables.xsl
INFO    : successful application of /home/cservant/.ptx/2.52.3/core/xsl/utilities/report-publisher-variables.xsl
INFO    : Downloading rs services file from https://runestone.academy/cdn/runestone/latest/webpack_static_imports.xml.
INFO    : Runestone Services via online CDN query: version 8.2.11
INFO    : Downloading Runestone Services, version 8.2.11
INFO    : Extracting Runestone Services from archive file
INFO    : Building custom css theme: theme-salem
INFO    : converting /home/cservant/Dropbox/SVSU/Semester Materials/MATH-132B-02-F26/source/main.ptx to HTML in /tmp/ptx-5uf1qdgx
INFO    : XSL conversion of /home/cservant/Dropbox/SVSU/Semester Materials/MATH-132B-02-F26/source/main.ptx by /home/cservant/.ptx/2.52.3/core/xsl/pretext-html.xsl
INFO    : * PTX:INFO:   checking all deprecated elements.
WARNING : * PTX:DEPRECATE: (2024-11-19) program/input now should be program/code. An automatic correction will be attempted. (3 times)
INFO    : *              located at: pretext/book/chapter/section/subsection/example/program/input
INFO    : *              located within: "pollinators-dist" (xml:id)
INFO    : *              located within: "ex-germination-proportion-table-r" (xml:id), "Creating a Proportion Table in R" (title)
INFO    : *              located at: pretext/book/chapter/section/subsection/program/input
INFO    : *              located within: "subsec-large-categorical-dataset" (xml:id), "Working with a Larger Biological Dataset" (title)
INFO    : * --------------
WARNING : * PTX:DEPRECATE: (2026-05-11) the "me" and "men" elements have been deprecated.  The replacement is an "md" with no "mrow" children, and numbering is controlled by the "@number" attribute, or a global setting in "docinfo". (15 times)
INFO    : *              located at: pretext/book/chapter/section/subsection/definition/me
INFO    : *              located within: "def-formula" (xml:id), "Binomial Probability Formula" (title)
INFO    : *              located at: pretext/book/chapter/section/subsection/example/solution/me
INFO    : *              located within: "drb-ex-equal" (xml:id), "Exactly Two Contaminated Samples" (title)
INFO    : *              located within: "drb-ex-less" (xml:id), "Fewer Than Two Contaminated Samples" (title)
INFO    : *              located within: "drb-ex-leq" (xml:id), "At Most Two Contaminated Samples" (title)
INFO    : *              located within: "drb-ex-greater" (xml:id), "More Than Two Contaminated Samples" (title)
INFO    : *              located within: "drb-ex-geq" (xml:id), "At Least Two Contaminated Samples" (title)
INFO    : *              located within: "drb-ex-intervals" (xml:id), "A Range of Resistant Isolates" (title)
INFO    : successful application of /home/cservant/.ptx/2.52.3/core/xsl/pretext-html.xsl
INFO    : Removing temporary directory /tmp/ptx-5uf1qdgx
INFO    : Removing temporary directory /tmp/ptx-0hmybndz
INFO    : 
Finished build for target course. Run `pretext view course` to see the results.

INFO    : 
Success!  Built requested target(s) without errors.

INFO    : 
